<html>
<body>
<pre>
<h1>µVision Build Log</h1>
<h2>Tool Versions:</h2>
IDE-Version: ¦ÌVision V5.26.2.0
Copyright (C) 2018 ARM Ltd and ARM Germany GmbH. All rights reserved.
License Information: LM Kelvin, MFE, LIC=X96CK-ZW9K7-30GNC-73FMC-9UMXR-544X1
 
Tool Versions:
Toolchain:       MDK-ARM Plus  Version: 5.26.2.0
Toolchain Path:  C:\Keil_v5\ARM\ARMCC\Bin
C Compiler:      Armcc.exe V5.06 update 6 (build 750)
Assembler:       Armasm.exe V5.06 update 6 (build 750)
Linker/Locator:  ArmLink.exe V5.06 update 6 (build 750)
Library Manager: ArmAr.exe V5.06 update 6 (build 750)
Hex Converter:   FromElf.exe V5.06 update 6 (build 750)
CPU DLL:         SARMCM3.DLL V5.26.2.0
Dialog DLL:      DCM.DLL V1.17.2.0
Target DLL:      UL2CM3.DLL V1.161.6.0
Dialog DLL:      TCM.DLL V1.36.1.0
 
<h2>Project:</h2>
C:\Users\KelvinLM\Documents\Wilson\Keil_Pioneer_P2_Modified\Wilson_ANO_Pioneer.uvprojx
Project File Date:  03/19/2024

<h2>Output:</h2>
*** Using Compiler 'V5.06 update 6 (build 750)', folder: 'C:\Keil_v5\ARM\ARMCC\Bin'
Rebuild target 'Ano_Pioneer'
compiling usb_config.c...
compiling Ano_MotionCal.c...
compiling Ano_ProgramCtrl_User.c...
compiling Ano_UWB.c...
compiling Ano_Imu.c...
compiling Ano_FcData.c...
compiling main.c...
compiling Ano_Filter.c...
compiling Ano_OPMV_Ctrl.c...
compiling Ano_RC.c...
compiling Ano_OPMV_LineTracking_Ctrl.c...
compiling Ano_OF.c...
SRC\applications\Ano_OF.c(36): warning:  #177-D: variable "anoof_data_ok"  was declared but never referenced
  static u8 anoof_data_ok;
SRC\applications\Ano_OF.c: 1 warning, 0 errors
compiling Ano_FlyCtrl.c...
compiling Ano_OPMV_CBTracking_Ctrl.c...
compiling Ano_Sensor_Basic.c...
compiling Ano_Navigate.c...
compiling Ano_Math.c...
compiling Ano_Pid.c...
compiling Ano_USB.c...
compiling Ano_OF_DecoFusion.c...
compiling Ano_AttCtrl.c...
compiling stm32f4xx_it.c...
compiling BSP_Init.c...
compiling Ano_Scheduler.c...
compiling Ano_MagProcess.c...
compiling Ano_LocCtrl.c...
compiling Ano_MotorCtrl.c...
compiling Ano_AltCtrl.c...
compiling Ano_FlightCtrl.c...
compiling Ano_DT.c...
compiling Ano_Power.c...
compiling Drv_adc.c...
compiling Drv_led.c...
compiling Ano_FlightDataCal.c...
compiling Drv_spi.c...
compiling Ano_Parameter.c...
compiling Drv_pwm_out.c...
compiling Drv_pwm_in.c...
compiling Drv_time.c...
compiling Drv_w25qxx.c...
compiling Drv_spl06.c...
compiling Drv_icm20602.c...
compiling Drv_ak8975.c...
compiling Drv_usart.c...
SRC\drivers\Drv_usart.c(231): warning:  #177-D: function "Usart3_Send"  was declared but never referenced
  static void Usart3_Send ( unsigned char *DataToSend , u8 data_num )
SRC\drivers\Drv_usart.c: 1 warning, 0 errors
compiling Drv_gps.c...
compiling Drv_laser.c...
compiling misc.c...
compiling Drv_UP_Flow.c...
compiling Drv_OpenMV.c...
compiling Drv_heating.c...
compiling Drv_sbus.c...
compiling usbd_STM32F4xx_FS.c...
compiling stm32f4xx_dbgmcu.c...
compiling stm32f4xx_exti.c...
compiling stm32f4xx_adc.c...
compiling stm32f4xx_flash.c...
compiling stm32f4xx_gpio.c...
compiling stm32f4xx_pwr.c...
compiling stm32f4xx_dma.c...
compiling stm32f4xx_i2c.c...
assembling startup_stm32f4xx.s...
compiling stm32f4xx_spi.c...
compiling stm32f4xx_rcc.c...
compiling usbd_core_hid.c...
compiling usbd_hid.c...
compiling usbd_core.c...
compiling system_stm32f4xx.c...
compiling stm32f4xx_syscfg.c...
compiling stm32f4xx_usart.c...
compiling stm32f4xx_tim.c...
linking...
Program Size: Code=108804 RO-data=2292 RW-data=1460 ZI-data=12556  
FromELF: creating hex file...
After Build - User command #1: fromelf.exe --bin -o ./AnoPioneerPro.bin ./build/Ano_Pioneer.axf
".\build\ANO_Pioneer.axf" - 0 Error(s), 2 Warning(s).

<h2>Software Packages used:</h2>

Package Vendor: Keil
                http://www.keil.com/pack/Keil.STM32F4xx_DFP.2.12.0.pack
                Keil.STM32F4xx_DFP.2.12.0
                STMicroelectronics STM32F4 Series Device Support, Drivers and Examples

<h2>Collection of Component include folders:</h2>
  .\RTE\_Ano_Pioneer
  C:\Keil_v5\ARM\PACK\Keil\STM32F4xx_DFP\2.12.0\Drivers\CMSIS\Device\ST\STM32F4xx\Include

<h2>Collection of Component Files used:</h2>
Build Time Elapsed:  00:00:04
</pre>
</body>
</html>
